Script started on 2020-04-10 23:03:14-0700
neumans@cf420-38:~$ mkdir csci241
neumans@cf420-38:~$ cd csci241
neumans@cf420-38:~/csci241$ git clone https://github.com/csci241-20s/lab-1-neumans.githttps://github.com/csci241- 20s/lab-1-neumans.git[K[K[K[K[K[K[K[K[K[K[K[K[K[K[K[K[K[K[K[K[K[A[C[C[C[C[C[C[C[C[C[C[C[C[C[C[C[C[C[C[C[C[C[C[C[C[C[C[C[C[C[C[C[C[C[C[C[C[C[C[C[C[C[C[C[C[C[C[C[C[C[C[C[C[C[C[C[C[C[C[C[C[C[C[C[C[C[C[C[C[C[C[C[C[C[C[C[C[C[C[C[C[C[C[C[C[C[C[C[C[C[C[C[C[C[C[C[C[C[C[C[C[C[C[C[C[C[C[C[C[C[C[C[C[K
[K[A[C[C[C[C[C[C[C[C[C[C[C[C[C[C[C[C[C[C[C[C[C[C[C[C[C[C[C[C[C[C[C[C[C[C[C[C[C[C[C[C[C[C[C[C[C[C[C[C[C[C[C[C[C[C[C[C[C[C[C[C[C[C[C[C[C[C[C[C[C[C[C[C[C[C[C[C[C[C[C[C[C[C[C[C[C[C[C[C[C[C[C[C[C[C[C[C[C[C[C[C[C[C[C[C[C[C[C[C[C[C[C[C[K[K[K[K[K[K[K[K[K[K[K[K[K[K[K[K[K[K[K[K[K[K[K[K[K[K
Cloning into 'lab-1-neumans'...
remote: Enumerating objects: 64, done.[K
remote: Counting objects:   1% (1/64)[Kremote: Counting objects:   3% (2/64)[Kremote: Counting objects:   4% (3/64)[Kremote: Counting objects:   6% (4/64)[Kremote: Counting objects:   7% (5/64)[Kremote: Counting objects:   9% (6/64)[Kremote: Counting objects:  10% (7/64)[Kremote: Counting objects:  12% (8/64)[Kremote: Counting objects:  14% (9/64)[Kremote: Counting objects:  15% (10/64)[Kremote: Counting objects:  17% (11/64)[Kremote: Counting objects:  18% (12/64)[Kremote: Counting objects:  20% (13/64)[Kremote: Counting objects:  21% (14/64)[Kremote: Counting objects:  23% (15/64)[Kremote: Counting objects:  25% (16/64)[Kremote: Counting objects:  26% (17/64)[Kremote: Counting objects:  28% (18/64)[Kremote: Counting objects:  29% (19/64)[Kremote: Counting objects:  31% (20/64)[Kremote: Counting objects:  32% (21/64)[Kremote: Counting objects:  34% (22/64)[Kremote: Counting objects:  35% (23/64)[Kremote: Counting objects:  37% (24/64)[Kremote: Counting objects:  39% (25/64)[Kremote: Counting objects:  40% (26/64)[Kremote: Counting objects:  42% (27/64)[Kremote: Counting objects:  43% (28/64)[Kremote: Counting objects:  45% (29/64)[Kremote: Counting objects:  46% (30/64)[Kremote: Counting objects:  48% (31/64)[Kremote: Counting objects:  50% (32/64)[Kremote: Counting objects:  51% (33/64)[Kremote: Counting objects:  53% (34/64)[Kremote: Counting objects:  54% (35/64)[Kremote: Counting objects:  56% (36/64)[Kremote: Counting objects:  57% (37/64)[Kremote: Counting objects:  59% (38/64)[Kremote: Counting objects:  60% (39/64)[Kremote: Counting objects:  62% (40/64)[Kremote: Counting objects:  64% (41/64)[Kremote: Counting objects:  65% (42/64)[Kremote: Counting objects:  67% (43/64)[Kremote: Counting objects:  68% (44/64)[Kremote: Counting objects:  70% (45/64)[Kremote: Counting objects:  71% (46/64)[Kremote: Counting objects:  73% (47/64)[Kremote: Counting objects:  75% (48/64)[Kremote: Counting objects:  76% (49/64)[Kremote: Counting objects:  78% (50/64)[Kremote: Counting objects:  79% (51/64)[Kremote: Counting objects:  81% (52/64)[Kremote: Counting objects:  82% (53/64)[Kremote: Counting objects:  84% (54/64)[Kremote: Counting objects:  85% (55/64)[Kremote: Counting objects:  87% (56/64)[Kremote: Counting objects:  89% (57/64)[Kremote: Counting objects:  90% (58/64)[Kremote: Counting objects:  92% (59/64)[Kremote: Counting objects:  93% (60/64)[Kremote: Counting objects:  95% (61/64)[Kremote: Counting objects:  96% (62/64)[Kremote: Counting objects:  98% (63/64)[Kremote: Counting objects: 100% (64/64)[Kremote: Counting objects: 100% (64/64), done.[K
remote: Compressing objects:   2% (1/39)[Kremote: Compressing objects:   5% (2/39)[Kremote: Compressing objects:   7% (3/39)[Kremote: Compressing objects:  10% (4/39)[Kremote: Compressing objects:  12% (5/39)[Kremote: Compressing objects:  15% (6/39)[Kremote: Compressing objects:  17% (7/39)[Kremote: Compressing objects:  20% (8/39)[Kremote: Compressing objects:  23% (9/39)[Kremote: Compressing objects:  25% (10/39)[Kremote: Compressing objects:  28% (11/39)[Kremote: Compressing objects:  30% (12/39)[Kremote: Compressing objects:  33% (13/39)[Kremote: Compressing objects:  35% (14/39)[Kremote: Compressing objects:  38% (15/39)[Kremote: Compressing objects:  41% (16/39)[Kremote: Compressing objects:  43% (17/39)[Kremote: Compressing objects:  46% (18/39)[Kremote: Compressing objects:  48% (19/39)[Kremote: Compressing objects:  51% (20/39)[Kremote: Compressing objects:  53% (21/39)[Kremote: Compressing objects:  56% (22/39)[Kremote: Compressing objects:  58% (23/39)[Kremote: Compressing objects:  61% (24/39)[Kremote: Compressing objects:  64% (25/39)[Kremote: Compressing objects:  66% (26/39)[Kremote: Compressing objects:  69% (27/39)[Kremote: Compressing objects:  71% (28/39)[Kremote: Compressing objects:  74% (29/39)[Kremote: Compressing objects:  76% (30/39)[Kremote: Compressing objects:  79% (31/39)[Kremote: Compressing objects:  82% (32/39)[Kremote: Compressing objects:  84% (33/39)[Kremote: Compressing objects:  87% (34/39)[Kremote: Compressing objects:  89% (35/39)[Kremote: Compressing objects:  92% (36/39)[Kremote: Compressing objects:  94% (37/39)[Kremote: Compressing objects:  97% (38/39)[Kremote: Compressing objects: 100% (39/39)[Kremote: Compressing objects: 100% (39/39), done.[K
remote: Total 64 (delta 19), reused 27 (delta 7), pack-reused 0[K
Unpacking objects:   1% (1/64)   Unpacking objects:   3% (2/64)   Unpacking objects:   4% (3/64)   Unpacking objects:   6% (4/64)   Unpacking objects:   7% (5/64)   Unpacking objects:   9% (6/64)   Unpacking objects:  10% (7/64)   Unpacking objects:  12% (8/64)   Unpacking objects:  14% (9/64)   Unpacking objects:  15% (10/64)   Unpacking objects:  17% (11/64)   Unpacking objects:  18% (12/64)   Unpacking objects:  20% (13/64)   Unpacking objects:  21% (14/64)   Unpacking objects:  23% (15/64)   Unpacking objects:  25% (16/64)   Unpacking objects:  26% (17/64)   Unpacking objects:  28% (18/64)   Unpacking objects:  29% (19/64)   Unpacking objects:  31% (20/64)   Unpacking objects:  32% (21/64)   Unpacking objects:  34% (22/64)   Unpacking objects:  35% (23/64)   Unpacking objects:  37% (24/64)   Unpacking objects:  39% (25/64)   Unpacking objects:  40% (26/64)   Unpacking objects:  42% (27/64)   Unpacking objects:  43% (28/64)   Unpacking objects:  45% (29/64)   Unpacking objects:  46% (30/64)   Unpacking objects:  48% (31/64)   Unpacking objects:  50% (32/64)   Unpacking objects:  51% (33/64)   Unpacking objects:  53% (34/64)   Unpacking objects:  54% (35/64)   Unpacking objects:  56% (36/64)   Unpacking objects:  57% (37/64)   Unpacking objects:  59% (38/64)   Unpacking objects:  60% (39/64)   Unpacking objects:  62% (40/64)   Unpacking objects:  64% (41/64)   Unpacking objects:  65% (42/64)   Unpacking objects:  67% (43/64)   Unpacking objects:  68% (44/64)   Unpacking objects:  70% (45/64)   Unpacking objects:  71% (46/64)   Unpacking objects:  73% (47/64)   Unpacking objects:  75% (48/64)   Unpacking objects:  76% (49/64)   Unpacking objects:  78% (50/64)   Unpacking objects:  79% (51/64)   Unpacking objects:  81% (52/64)   Unpacking objects:  82% (53/64)   Unpacking objects:  84% (54/64)   Unpacking objects:  85% (55/64)   Unpacking objects:  87% (56/64)   Unpacking objects:  89% (57/64)   Unpacking objects:  90% (58/64)   Unpacking objects:  92% (59/64)   Unpacking objects:  93% (60/64)   Unpacking objects:  95% (61/64)   Unpacking objects:  96% (62/64)   Unpacking objects:  98% (63/64)   Unpacking objects: 100% (64/64)   Unpacking objects: 100% (64/64), done.
neumans@cf420-38:~/csci241$ ls
lab-1-neumans
neumans@cf420-38:~/csci241$ cd lab-1-neumans
neumans@cf420-38:~/csci241/lab-1-neumans$ ls
build.gradle  settings.gradle  src
neumans@cf420-38:~/csci241/lab-1-neumans$ touch wrti[K[Kiteup.txt
neumans@cf420-38:~/csci241/lab-1-neumans$ git add writeup.txt
neumans@cf420-38:~/csci241/lab-1-neumans$ git commit-m [K[K[K -m "Added empt writeup"[Cy writeup"[C[C[C[C[C[C[C[C[C
[master 573792c] Added empty writeup
 1 file changed, 0 insertions(+), 0 deletions(-)
 create mode 100644 writeup.txt
neumans@cf420-38:~/csci241/lab-1-neumans$ git push
Username for 'https://github.com': solit!12ire           neumans
Password for 'https://neumans@github.com': 
Counting objects: 2, done.
Delta compression using up to 8 threads.
Compressing objects:  50% (1/2)   Compressing objects: 100% (2/2)   Compressing objects: 100% (2/2), done.
Writing objects:  50% (1/2)   Writing objects: 100% (2/2)   Writing objects: 100% (2/2), 271 bytes | 271.00 KiB/s, done.
Total 2 (delta 1), reused 0 (delta 0)
remote: Resolving deltas:   0% (0/1)[Kremote: Resolving deltas: 100% (1/1)[Kremote: Resolving deltas: 100% (1/1), completed with 1 local object.[K
To https://github.com/csci241-20s/lab-1-neumans.git
   719074b..573792c  master -> master
neumans@cf420-38:~/csci241/lab-1-neumans$ nano writeup.txt
[?1049h[22;0;0t[1;65r(B[m[4l[?7h[39;49m[?1h=[?1h=[?1h=[?25l[39;49m(B[m[H[2J[63;49H(B[0;7m[ Reading File ](B[m[63;55H(B[0;7m 0 lines ](B[m[H(B[0;7m  GNU nano 2.9.3                                      writeup.txt                                                [1;112H(B[m[64d(B[0;7m^G(B[m Get Help     (B[0;7m^O(B[m Write Out    (B[0;7m^W(B[m Where Is     (B[0;7m^K(B[m Cut Text     (B[0;7m^J(B[m Justify[81G(B[0;7m^C(B[m Cur Pos[97G(B[0;7mM-U(B[m Undo[65d(B[0;7m^X(B[m Exit[65;17H(B[0;7m^R(B[m Read File    (B[0;7m^\(B[m Replace[49G(B[0;7m^U(B[m Uncut Text   (B[0;7m^T(B[m To Spell     (B[0;7m^_(B[m Go To Line   (B[0;7mM-E(B[m Redo[63d[3d[39;49m(B[m[?12l[?25h[?25l[1;104H(B[0;7mModified(B[m[3dS[?12l[?25h[?25lO[?12l[?25h[?25l [?12l[?25h[?25lo[?12l[?25h[?25ln[?12l[?25h[?25le[?12l[?25h[?25le[?12l[?25h[?25ll[?12l[?25h[?25l [?12l[?25h[?25lN[?12l[?25h[?25le[?12l[?25h[?25lu[?12l[?25h[?25lm[?12l[?25h[?25la[?12l[?25h[?25ln[?12l[?25h[?25ln[?12l[?25h[?25l[63d(B[0;7mSave modified buffer?  (Answering "No" will DISCARD changes.)                                                    [64;1H Y(B[m Yes[K[65d(B[0;7m N(B[m No  [65;18H(B[0;7mC(B[m Cancel[K[63;63H[?12l[?25h[?25l[64d(B[0;7m^G(B[m Get Help[64;29H(B[0;7mM-D(B[m DOS Format[64;57H(B[0;7mM-A(B[m Append[64;85H(B[0;7mM-B(B[m Backup File[65d(B[0;7m^C(B[m Cancel[17G            (B[0;7mM-M(B[m Mac Format[65;57H(B[0;7mM-P(B[m Prepend[65;85H(B[0;7m^T(B[m To Files[63d(B[0;7mFile Name to Write: writeup.txt                              (B[m[63;32H[?12l[?25h[?25l[1;3H(B[0;7m              [1;37HDIR: /home/neumans/csci241/lab-1-neumans/[1;104H        [63d(B[m[K[1;112H[64;17H(B[0;7m^W(B[m Where Is     (B[0;7m^_(B[m Go To Dir    (B[0;7m^B(B[m Back         (B[0;7m^P(B[m Prev Line    (B[0;7m^Y(B[m Prev Page    (B[0;7mM-\(B[m First File[65;2H(B[0;7mX(B[m Exit  [17G(B[0;7mM-W(B[m WhereIs Next(B[0;7m^L(B[m Refresh[49G(B[0;7m^F(B[m Forward      (B[0;7m^N(B[m Next Line    (B[0;7m^V(B[m Next Page    (B[0;7mM-/(B[m Last File[63d[1;112H[3d(B[0;7m..            (parent dir)(B[m  .git[3;50H(dir)  .github[3;78H(dir)  src[106G(dir)[4d.writeup.txt.swp[23G1 KB  build.gradle[4;49H939  B  settings.gradle     350  B  writeup.txt[107G0  B[63d[1;112H[3d..            (parent dir)  (B[0;7m.git                 (dir)[4;111H(B[m[63d[1;112H[3;29H.git[17X[3;50H(dir)  (B[0;7m.github              (dir)[4;111H(B[m[63d[1;112H[3;57H.github[14X[3;78H(dir)  (B[0;7msrc                  (dir)[4d(B[m[63d[1;112H[3;85Hsrc[18X[106G(dir)[4;85H(B[0;7mwriteup.txt           0  B(B[m[1;3H(B[0;7mGNU nano 2.9.3[1;37H                  writeup.txt            [1;104HModified(B[m[3dSoneel Neumann[K[4d[K[1;112H[1;37H[39;49m(B[0;7m/home/neumans/csci241/lab-1-neumans/writeup.txt[1;104H        (B[m[63;49H(B[0;7m[ Wrote 1 line ](B[m[J[65;113H[?12l[?25h[65;1H[?1049l[23;0;0t[?1l>neumans@cf420-38:~/csci241/lab-1-neumans$ git add writeup.txt
neumans@cf420-38:~/csci241/lab-1-neumans$ git commit -m "Added part 1 (Soneel Neumann) to writeup"
[master d8d6b55] Added part 1 (Soneel Neumann) to writeup
 1 file changed, 1 insertion(+)
neumans@cf420-38:~/csci241/lab-1-neumans$ git status
On branch master
Your branch is ahead of 'origin/master' by 1 commit.
  (use "git push" to publish your local commits)

nothing to commit, working tree clean
neumans@cf420-38:~/csci241/lab-1-neumans$ nano writeup.txt
[?1049h[22;0;0t[1;65r(B[m[4l[?7h[39;49m[?1h=[?1h=[?1h=[?25l[39;49m(B[m[H[2J[63;49H(B[0;7m[ Reading File ](B[m[63;49H (B[0;7m[ Read 1 line ](B[m[H(B[0;7m  GNU nano 2.9.3                                      writeup.txt                                                [1;112H(B[m[64d(B[0;7m^G(B[m Get Help     (B[0;7m^O(B[m Write Out    (B[0;7m^W(B[m Where Is     (B[0;7m^K(B[m Cut Text     (B[0;7m^J(B[m Justify[81G(B[0;7m^C(B[m Cur Pos[97G(B[0;7mM-U(B[m Undo[65d(B[0;7m^X(B[m Exit[65;17H(B[0;7m^R(B[m Read File    (B[0;7m^\(B[m Replace[49G(B[0;7m^U(B[m Uncut Text   (B[0;7m^T(B[m To Spell     (B[0;7m^_(B[m Go To Line   (B[0;7mM-E(B[m Redo[63d[3d[39;49m(B[mSoneel Neumann[?12l[?25h[?25l[4d[?12l[?25h[?25l[1;104H(B[0;7mModified(B[m[4dH[?12l[?25h[?25lo[?12l[?25h[?25lb[?12l[?25h[?25lb[?12l[?25h[?25ly[?12l[?25h[?25l:[?12l[?25h[?25l [?12l[?25h[?25lG[?12l[?25h[?25ll[?12l[?25h[?25la[?12l[?25h[?25ls[?12l[?25h[?25ls[?12l[?25h[?25lb[?12l[?25h[?25ll[?12l[?25h[?25lw[?12l[?25h[?25lo[?12l[?25h[?25li[?12l[?25h[?25ln[?12l[?25h[?25lg[?12l[?25h[?25l [?12l[?25h[?25l [?12l[?25h[?25l [?12l[?25h[?25l [?12l[?25h[?25l [?12l[?25h[?25l [63d[K[4;14H[?12l[?25h[?25ll[?12l[?25h[?25lo[?12l[?25h[?25lw[?12l[?25h[?25li[?12l[?25h[?25ln[?12l[?25h[?25lg[?12l[?25h[?25l[63d(B[0;7mSave modified buffer?  (Answering "No" will DISCARD changes.)                                                    [64;1H Y(B[m Yes[K[65d(B[0;7m N(B[m No  [65;18H(B[0;7mC(B[m Cancel[K[63;63H[?12l[?25h[?25l[64d(B[0;7m^G(B[m Get Help[64;29H(B[0;7mM-D(B[m DOS Format[64;57H(B[0;7mM-A(B[m Append[64;85H(B[0;7mM-B(B[m Backup File[65d(B[0;7m^C(B[m Cancel[17G            (B[0;7mM-M(B[m Mac Format[65;57H(B[0;7mM-P(B[m Prepend[65;85H(B[0;7m^T(B[m To Files[63d(B[0;7mFile Name to Write: writeup.txt                              (B[m[63;32H[?12l[?25h[?25l[1;3H(B[0;7m              [1;37HDIR: /home/neumans/csci241/lab-1-neumans/[1;104H        [63d(B[m[K[1;112H[64;17H(B[0;7m^W(B[m Where Is     (B[0;7m^_(B[m Go To Dir    (B[0;7m^B(B[m Back         (B[0;7m^P(B[m Prev Line    (B[0;7m^Y(B[m Prev Page    (B[0;7mM-\(B[m First File[65;2H(B[0;7mX(B[m Exit  [17G(B[0;7mM-W(B[m WhereIs Next(B[0;7m^L(B[m Refresh[49G(B[0;7m^F(B[m Forward      (B[0;7m^N(B[m Next Line    (B[0;7m^V(B[m Next Page    (B[0;7mM-/(B[m Last File[63d[1;112H[3d(B[0;7m..            (parent dir)(B[m  .git[3;50H(dir)  .github[3;78H(dir)  src[106G(dir)[4d.writeup.txt.swp      1 KB  build.gradle[4;49H939  B  settings.gradle     350  B  writeup.txt[106G15  B[63d[1;112H[3d..            (parent dir)  (B[0;7m.git                 (dir)[4;111H(B[m[63d[1;112H[3;29H.git[17X[3;50H(dir)  (B[0;7m.github              (dir)[4;111H(B[m[63d[1;112H[3;57H.github[14X[3;78H(dir)  (B[0;7msrc                  (dir)[4d(B[m[63d[1;112H[3;85Hsrc[18X[106G(dir)[4;85H(B[0;7mwriteup.txt          15  B(B[m[1;3H(B[0;7mGNU nano 2.9.3[1;37H                  writeup.txt            [1;104HModified(B[m[3dSoneel Neumann[K[4dHobby: Glassblowing[K[1;112H[1;37H[39;49m(B[0;7m/home/neumans/csci241/lab-1-neumans/writeup.txt[1;104H        (B[m[63;49H(B[0;7m[ Wrote 2 lines ](B[m[J[65;113H[?12l[?25h[65;1H[?1049l[23;0;0t[?1l>neumans@cf420-38:~/csci241/lab-1-neumans$ git sat[K[Ktatus
On branch master
Your branch is ahead of 'origin/master' by 1 commit.
  (use "git push" to publish your local commits)

Changes not staged for commit:
  (use "git add <file>..." to update what will be committed)
  (use "git checkout -- <file>..." to discard changes in working directory)

	[31mmodified:   writeup.txt[m

no changes added to commit (use "git add" and/or "git commit -a")
neumans@cf420-38:~/csci241/lab-1-neumans$ git add writeup.txt
neumans@cf420-38:~/csci241/lab-1-neumans$ git status
On branch master
Your branch is ahead of 'origin/master' by 1 commit.
  (use "git push" to publish your local commits)

Changes to be committed:
  (use "git reset HEAD <file>..." to unstage)

	[32mmodified:   writeup.txt[m

neumans@cf420-38:~/csci241/lab-1-neumans$ git dd[K[Kadd wr[K[K[K[K[K[Kcommit -m "added[K[K[K[K[KAdded part 1 (h[KH[KHobby) to writeup[1P[1@2[C[C[C[C[C[C[C[C[C[C[C[C[C[C[C[C[C[C[C"
[master fae65ab] Added part 2 (Hobby) to writeup
 1 file changed, 1 insertion(+)
neumans@cf420-38:~/csci241/lab-1-neumans$ touch username.txt
neumans@cf420-38:~/csci241/lab-1-neumans$ ls
build.gradle  settings.gradle  src  username.txt  writeup.txt
neumans@cf420-38:~/csci241/lab-1-neumans$ nano username.txt
[?1049h[22;0;0t[1;65r(B[m[4l[?7h[39;49m[?1h=[?1h=[?1h=[?25l[39;49m(B[m[H[2J[63;49H(B[0;7m[ Reading File ](B[m[63;55H(B[0;7m 0 lines ](B[m[H(B[0;7m  GNU nano 2.9.3                                     username.txt                                                [1;112H(B[m[64d(B[0;7m^G(B[m Get Help     (B[0;7m^O(B[m Write Out    (B[0;7m^W(B[m Where Is     (B[0;7m^K(B[m Cut Text     (B[0;7m^J(B[m Justify[81G(B[0;7m^C(B[m Cur Pos[97G(B[0;7mM-U(B[m Undo[65d(B[0;7m^X(B[m Exit[65;17H(B[0;7m^R(B[m Read File    (B[0;7m^\(B[m Replace[49G(B[0;7m^U(B[m Uncut Text   (B[0;7m^T(B[m To Spell     (B[0;7m^_(B[m Go To Line   (B[0;7mM-E(B[m Redo[63d[3d[39;49m(B[m[?12l[?25h[?25l[1;104H(B[0;7mModified(B[m[3dS[?12l[?25h[?25lo[?12l[?25h[?25ln[?12l[?25h[?25le[?12l[?25h[?25le[?12l[?25h[?25ll[?12l[?25h[?25l [?12l[?25h[?25lN[?12l[?25h[?25le[?12l[?25h[?25lu[?12l[?25h[?25lm[?12l[?25h[?25la[?12l[?25h[?25ln[?12l[?25h[?25ln[?12l[?25h[?25l,[?12l[?25h[?25ln[?12l[?25h[?25le[?12l[?25h[?25lu[?12l[?25h[?25lm[?12l[?25h[?25la[?12l[?25h[?25ln[?12l[?25h[?25ls[?12l[?25h[?25l,[?12l[?25h[?25ln[?12l[?25h[?25le[?12l[?25h[?25lu[63d[K[3;27H[?12l[?25h[?25lm[?12l[?25h[?25la[?12l[?25h[?25ln[?12l[?25h[?25ls[?12l[?25h[?25l[63d(B[0;7mSave modified buffer?  (Answering "No" will DISCARD changes.)                                                    [64;1H Y(B[m Yes[K[65d(B[0;7m N(B[m No  [65;18H(B[0;7mC(B[m Cancel[K[63;63H[?12l[?25h[?25l[64d(B[0;7m^G(B[m Get Help[64;29H(B[0;7mM-D(B[m DOS Format[64;57H(B[0;7mM-A(B[m Append[64;85H(B[0;7mM-B(B[m Backup File[65d(B[0;7m^C(B[m Cancel[17G            (B[0;7mM-M(B[m Mac Format[65;57H(B[0;7mM-P(B[m Prepend[65;85H(B[0;7m^T(B[m To Files[63d(B[0;7mFile Name to Write: username.txt                             (B[m[63;33H[?12l[?25h[?25l[1;3H(B[0;7m              [1;37HDIR: /home/neumans/csci241/lab-1-neumans/[1;104H        [63d(B[m[K[1;112H[64;17H(B[0;7m^W(B[m Where Is     (B[0;7m^_(B[m Go To Dir    (B[0;7m^B(B[m Back         (B[0;7m^P(B[m Prev Line    (B[0;7m^Y(B[m Prev Page    (B[0;7mM-\(B[m First File[65;2H(B[0;7mX(B[m Exit  [17G(B[0;7mM-W(B[m WhereIs Next(B[0;7m^L(B[m Refresh[49G(B[0;7m^F(B[m Forward      (B[0;7m^N(B[m Next Line    (B[0;7m^V(B[m Next Page    (B[0;7mM-/(B[m Last File[63d[1;112H[3d(B[0;7m..             (parent dir)(B[m  .git[3;52H(dir)  .github[3;81H(dir)[4dsrc[4;23H(dir)  .username.txt.swp[53G1 KB  build.gradle[4;80H939  B[5dsettings.gradle[22G350  B  username.txt[5;53H0  B  writeup.txt[5;81H35  B[63d[1;112H[3d..             (parent dir)[4d(B[0;7msrc                   (dir)[5;86H(B[m[63d[1;112H[4dsrc[19X[4;23H(dir)  (B[0;7m.username.txt.swp      1 KB[5;86H(B[m[63d[1;112H[4;30H.username.txt.swp      1 KB[5;30H(B[0;7musername.txt           0  B[5;86H(B[m[1;3H(B[0;7mGNU nano 2.9.3[1;37H                 username.txt            [1;104HModified(B[m[3dSoneel Neumann,neumans,neumans[K[4d[K[5d[K[1;112H[1;36H[39;49m(B[0;7m/home/neumans/csci241/lab-1-neumans/username.txt[1;104H        (B[m[63;49H(B[0;7m[ Wrote 1 line ](B[m[J[65;113H[?12l[?25h[65;1H[?1049l[23;0;0t[?1l>neumans@cf420-38:~/csci241/lab-1-neumans$ git add username.txt
neumans@cf420-38:~/csci241/lab-1-neumans$ git status
On branch master
Your branch is ahead of 'origin/master' by 2 commits.
  (use "git push" to publish your local commits)

Changes to be committed:
  (use "git reset HEAD <file>..." to unstage)

	[32mnew file:   username.txt[m

neumans@cf420-38:~/csci241/lab-1-neumans$ git commit -m "added name, usernames"
[master 9296486] added name, usernames
 1 file changed, 1 insertion(+)
 create mode 100644 username.txt
neumans@cf420-38:~/csci241/lab-1-neumans$ git status
On branch master
Your branch is ahead of 'origin/master' by 3 commits.
  (use "git push" to publish your local commits)

nothing to commit, working tree clean
neumans@cf420-38:~/csci241/lab-1-neumans$ #I'm going to make a test file to test the meth[K[K[K[K[K commands
neumans@cf420-38:~/csci241/lab-1-neumans$ touch test.txt
neumans@cf420-38:~/csci241/lab-1-neumans$ checkout -b bronch
checkout: command not found
neumans@cf420-38:~/csci241/lab-1-neumans$ git checkout -b broc[Knch
Switched to a new branch 'bronch'
neumans@cf420-38:~/csci241/lab-1-neumans$ git checkout master
Switched to branch 'master'
Your branch is ahead of 'origin/master' by 3 commits.
  (use "git push" to publish your local commits)
neumans@cf420-38:~/csci241/lab-1-neumans$ git reset bronch
neumans@cf420-38:~/csci241/lab-1-neumans$ git rm test.txt
fatal: pathspec 'test.txt' did not match any files
neumans@cf420-38:~/csci241/lab-1-neumans$ git add test.txt
neumans@cf420-38:~/csci241/lab-1-neumans$ git rm test.txt
error: the following file has changes staged in the index:
    test.txt
(use --cached to keep the file, or -f to force removal)
neumans@cf420-38:~/csci241/lab-1-neumans$ git rm -f test.txt
rm 'test.txt'
neumans@cf420-38:~/csci241/lab-1-neumans$ ls
build.gradle  settings.gradle  src  username.txt  writeup.txt
neumans@cf420-38:~/csci241/lab-1-neumans$ wrt[Kitr[Ke[K[K[K[K[Kgit mv writeup.txt writeup2.txt
neumans@cf420-38:~/csci241/lab-1-neumans$ ls
build.gradle  settings.gradle  src  username.txt  writeup2.txt
neumans@cf420-38:~/csci241/lab-1-neumans$ git mv writeup2.txt writeup.txt
neumans@cf420-38:~/csci241/lab-1-neumans$ ls
build.gradle  settings.gradle  src  username.txt  writeup.txt
neumans@cf420-38:~/csci241/lab-1-neumans$ git blame writeup.txt
[?1h=d8d6b558 (Soneel Neumann 2020-04-10 23:38:31 -0700 1) Soneel Neumann[m
fae65abe (Soneel Neumann 2020-04-10 23:47:17 -0700 2) Hobby: Glassblowing[m
[K[?1l>neumans@cf420-38:~/csci241/lab-1-neumans$ git log
[?1h=[33mcommit 92964866c4f7d226f3af3e68b2a6d82af6486784[m[33m ([m[1;36mHEAD -> [m[1;32mmaster[m[33m, [m[1;32mbronch[m[33m)[m[m
Author: Soneel Neumann <neumans@wwu.edu>[m
Date:   Fri Apr 10 23:54:02 2020 -0700[m
[m
    added name, usernames[m
[m
[33mcommit fae65abedce0f4e9d52364780714ca9041deeefe[m[m
Author: Soneel Neumann <neumans@wwu.edu>[m
Date:   Fri Apr 10 23:47:17 2020 -0700[m
[m
    Added part 2 (Hobby) to writeup[m
[m
[33mcommit d8d6b5586eef0c8ec22c537f90f608e05ff9d629[m[m
Author: Soneel Neumann <neumans@wwu.edu>[m
Date:   Fri Apr 10 23:38:31 2020 -0700[m
[m
    Added part 1 (Soneel Neumann) to writeup[m
[m
[33mcommit 573792c1d61be8501c19a0d37ed775e87dc7482a[m[33m ([m[1;31morigin/master[m[33m, [m[1;31morigin/HEAD[m[33m)[m[m
Author: Soneel Neumann <neumans@wwu.edu>[m
Date:   Fri Apr 10 23:32:28 2020 -0700[m
[m
    Added empty writeup[m
[m
[33mcommit 719074bdcc0849ccac4170560c57dfdcc9673927[m[m
Author: neumans <63324759+neumans@users.noreply.github.com>[m
Date:   Fri Apr 10 23:09:07 2020 -0700[m
[m
    Add files via upload[m
[m
[33mcommit 78d19c683d3991ff912dc016bb4dd195cae3ba70[m[m
Author: neumans <63324759+neumans@users.noreply.github.com>[m
Date:   Fri Apr 10 23:06:59 2020 -0700[m
[m
    Delete Hello.java[m
[m
[33mcommit b4fc683ce8f71989210d0fed02b9d529096a81bb[m[m
Author: neumans <63324759+neumans@users.noreply.github.com>[m
Date:   Fri Apr 10 23:06:29 2020 -0700[m
[m
    Add files via upload[m
[m
[33mcommit 1434b348eca57a5159857b3be43726d61e33a40d[m[m
Author: neumans <63324759+neumans@users.noreply.github.com>[m
Date:   Fri Apr 10 23:05:03 2020 -0700[m
[m
    Delete Hello.java[m
[m
[33mcommit c0b8ed02a6aa220815080de17095496f0cb9d9d4[m[m
Author: neumans <63324759+neumans@users.noreply.github.com>[m
Date:   Fri Apr 10 21:53:29 2020 -0700[m
[m
    Add files via upload[m
[m
[33mcommit 6a806991853049389844b5a79563c6d8e2bd0412[m[m
Author: neumans <63324759+neumans@users.noreply.github.com>[m
Date:   Fri Apr 10 21:35:45 2020 -0700[m
[m
    Delete writeup.txt[m
[m
[33mcommit 57532d68176cf1bce29626e5057ac08f2f28d447[m[m
Author: neumans <63324759+neumans@users.noreply.github.com>[m
Date:   Fri Apr 10 21:35:36 2020 -0700[m
[m
:[K[K[K:[K[K:[K[K[7mNo next tag  (press RETURN)[27m[65;1H[K[K:[K[K:[K[K:[K[K:[K[K:[K[K:[K[K    Delete username.txt[m
:[K[K:[K[K[m
:[K[K:[K[K:[K[K:[K[K [KESCESC[KOO[KCC[H[2J[H[m
[m
[m
[m
[33m[m[m
[m
[m
[m
[m
[m
[33m[m[m
[m
[m
[m
[m
[m
[33m[m[33m[m[1;31mmaster[m[33m, [m[1;31morigin/HEAD[m[33m)[m[m
[m
[m
[m
[m
[m
[33m[m[m
om>[m
[m
[m
[m
[m
[33m[m[m
om>[m
[m
[m
[m
[m
[33m[m[m
om>[m
[m
[m
[m
[m
[33m[m[m
om>[m
[m
[m
[m
[m
[33m[m[m
om>[m
[m
[m
[m
[m
[33m[m[m
om>[m
[m
[m
[m
[m
[33m[m[m
om>[m
[m
[m
[m
[m
:[K[K [KESCESC[KOO[KDD[H[2J[HDate:   Fri Apr 10 23:54:02 2020 -0700[m
[m
    added name, usernames[m
[m
[33mcommit fae65abedce0f4e9d52364780714ca9041deeefe[m[m
Author: Soneel Neumann <neumans@wwu.edu>[m
Date:   Fri Apr 10 23:47:17 2020 -0700[m
[m
    Added part 2 (Hobby) to writeup[m
[m
[33mcommit d8d6b5586eef0c8ec22c537f90f608e05ff9d629[m[m
Author: Soneel Neumann <neumans@wwu.edu>[m
Date:   Fri Apr 10 23:38:31 2020 -0700[m
[m
    Added part 1 (Soneel Neumann) to writeup[m
[m
[33mcommit 573792c1d61be8501c19a0d37ed775e87dc7482a[m[33m ([m[1;31morigin/master[m[33m, [m[1;31morigin/HEAD[m[33m)[m[m
Author: Soneel Neumann <neumans@wwu.edu>[m
Date:   Fri Apr 10 23:32:28 2020 -0700[m
[m
    Added empty writeup[m
[m
[33mcommit 719074bdcc0849ccac4170560c57dfdcc9673927[m[m
Author: neumans <63324759+neumans@users.noreply.github.com>[m
Date:   Fri Apr 10 23:09:07 2020 -0700[m
[m
    Add files via upload[m
[m
[33mcommit 78d19c683d3991ff912dc016bb4dd195cae3ba70[m[m
Author: neumans <63324759+neumans@users.noreply.github.com>[m
Date:   Fri Apr 10 23:06:59 2020 -0700[m
[m
    Delete Hello.java[m
[m
[33mcommit b4fc683ce8f71989210d0fed02b9d529096a81bb[m[m
Author: neumans <63324759+neumans@users.noreply.github.com>[m
Date:   Fri Apr 10 23:06:29 2020 -0700[m
[m
    Add files via upload[m
[m
[33mcommit 1434b348eca57a5159857b3be43726d61e33a40d[m[m
Author: neumans <63324759+neumans@users.noreply.github.com>[m
Date:   Fri Apr 10 23:05:03 2020 -0700[m
[m
    Delete Hello.java[m
[m
[33mcommit c0b8ed02a6aa220815080de17095496f0cb9d9d4[m[m
Author: neumans <63324759+neumans@users.noreply.github.com>[m
Date:   Fri Apr 10 21:53:29 2020 -0700[m
[m
    Add files via upload[m
[m
[33mcommit 6a806991853049389844b5a79563c6d8e2bd0412[m[m
Author: neumans <63324759+neumans@users.noreply.github.com>[m
Date:   Fri Apr 10 21:35:45 2020 -0700[m
[m
    Delete writeup.txt[m
[m
[33mcommit 57532d68176cf1bce29626e5057ac08f2f28d447[m[m
Author: neumans <63324759+neumans@users.noreply.github.com>[m
Date:   Fri Apr 10 21:35:36 2020 -0700[m
[m
    Delete username.txt[m
[m
:[K[K [KESCESC[KOO[KDD[H[2J[HDate:   Fri Apr 10 23:54:02 2020 -0700[m
[m
    added name, usernames[m
[m
[33mcommit fae65abedce0f4e9d52364780714ca9041deeefe[m[m
Author: Soneel Neumann <neumans@wwu.edu>[m
Date:   Fri Apr 10 23:47:17 2020 -0700[m
[m
    Added part 2 (Hobby) to writeup[m
[m
[33mcommit d8d6b5586eef0c8ec22c537f90f608e05ff9d629[m[m
Author: Soneel Neumann <neumans@wwu.edu>[m
Date:   Fri Apr 10 23:38:31 2020 -0700[m
[m
    Added part 1 (Soneel Neumann) to writeup[m
[m
[33mcommit 573792c1d61be8501c19a0d37ed775e87dc7482a[m[33m ([m[1;31morigin/master[m[33m, [m[1;31morigin/HEAD[m[33m)[m[m
Author: Soneel Neumann <neumans@wwu.edu>[m
Date:   Fri Apr 10 23:32:28 2020 -0700[m
[m
    Added empty writeup[m
[m
[33mcommit 719074bdcc0849ccac4170560c57dfdcc9673927[m[m
Author: neumans <63324759+neumans@users.noreply.github.com>[m
Date:   Fri Apr 10 23:09:07 2020 -0700[m
[m
    Add files via upload[m
[m
[33mcommit 78d19c683d3991ff912dc016bb4dd195cae3ba70[m[m
Author: neumans <63324759+neumans@users.noreply.github.com>[m
Date:   Fri Apr 10 23:06:59 2020 -0700[m
[m
    Delete Hello.java[m
[m
[33mcommit b4fc683ce8f71989210d0fed02b9d529096a81bb[m[m
Author: neumans <63324759+neumans@users.noreply.github.com>[m
Date:   Fri Apr 10 23:06:29 2020 -0700[m
[m
    Add files via upload[m
[m
[33mcommit 1434b348eca57a5159857b3be43726d61e33a40d[m[m
Author: neumans <63324759+neumans@users.noreply.github.com>[m
Date:   Fri Apr 10 23:05:03 2020 -0700[m
[m
    Delete Hello.java[m
[m
[33mcommit c0b8ed02a6aa220815080de17095496f0cb9d9d4[m[m
Author: neumans <63324759+neumans@users.noreply.github.com>[m
Date:   Fri Apr 10 21:53:29 2020 -0700[m
[m
    Add files via upload[m
[m
[33mcommit 6a806991853049389844b5a79563c6d8e2bd0412[m[m
Author: neumans <63324759+neumans@users.noreply.github.com>[m
Date:   Fri Apr 10 21:35:45 2020 -0700[m
[m
    Delete writeup.txt[m
[m
[33mcommit 57532d68176cf1bce29626e5057ac08f2f28d447[m[m
Author: neumans <63324759+neumans@users.noreply.github.com>[m
Date:   Fri Apr 10 21:35:36 2020 -0700[m
[m
    Delete username.txt[m
[m
:[K[K [KESCESC[KOO[KAA[K[HMAuthor: Soneel Neumann <neumans@wwu.edu>[m
[65;1H[K:[K[K [KESCESC[KOO[KAA[K[HM[33mcommit 92964866c4f7d226f3af3e68b2a6d82af6486784[m[33m ([m[1;36mHEAD -> [m[1;32mmaster[m[33m, [m[1;32mbronch[m[33m)[m[m
[65;1H[K:[K[K [KESCESC[KOO[KAA[K[K:[K[K [KESCESC[KOO[KAA[K[K:[K[K [KESCESC[KOO[KAA[K[K:[K[K [KESCESC[KOO[KAA[K[K:[K[K [KESCESC[KOO[KAA[K[K:[K[K [KESCESC[KOO[KAA[K[K:[K[K [KESCESC[KOO[KAA[K[K:[K[K [KESCESC[KOO[KAA[K[K:[K[K [KESCESC[KOO[KAA[K[K:[K[K [KESCESC[KOO[KAA[K[K:[K[K [KESCESC[KOO[KAA[K[K:[K[K [KESCESC[KOO[KAA[K[K:[K[K [KESCESC[KOO[KAA[K[K:[K[K [KESCESC[KOO[KAA[K[K:[K[K [KESCESC[KOO[KAA[K[K:[K[K [KESCESC[KOO[KAA[K[K:[K[K [KESCESC[KOO[KAA[K[K:[K[K [KESCESC[KOO[KAA[K[K:[K[K [KESCESC[KOO[KAA[K[K:[K[K [KESCESC[KOO[KAA[K[K:[K[K [KESCESC[KOO[KAA[K[K:[K[K [KESCESC[KOO[KAA[K[K:[K[K [KESCESC[KOO[KAA[K[K:[K[K [KESCESC[KOO[KAA[K[K:[K[K [KESCESC[KOO[KAA[K[K:[K[K [KESCESC[KOO[KAA[K[K:[K[K [KESCESC[KOO[KAA[K[K:[K[K[?1l>neumans@cf420-38:~/csci241/lab-1-neumans$ ui[K[Kgit diff writeup.txt
[?1h=[K[?1l>neumans@cf420-38:~/csci241/lab-1-neumans$ git [K add writeup.txt
neumans@cf420-38:~/csci241/lab-1-neumans$ git status
On branch master
Your branch is ahead of 'origin/master' by 3 commits.
  (use "git push" to publish your local commits)

nothing to commit, working tree clean
neumans@cf420-38:~/csci241/lab-1-neumans$ git w[Kdiff
[?1h=[K[?1l>neumans@cf420-38:~/csci241/lab-1-neumans$ nano writeup.txt
[?1049h[22;0;0t[1;65r(B[m[4l[?7h[39;49m[?1h=[?1h=[?1h=[?25l[39;49m(B[m[H[2J[63;49H(B[0;7m[ Reading File ](B[m[63;55H(B[0;7m 2 lines ](B[m[H(B[0;7m  GNU nano 2.9.3                                      writeup.txt                                                [1;112H(B[m[64d(B[0;7m^G(B[m Get Help     (B[0;7m^O(B[m Write Out    (B[0;7m^W(B[m Where Is     (B[0;7m^K(B[m Cut Text     (B[0;7m^J(B[m Justify[81G(B[0;7m^C(B[m Cur Pos[97G(B[0;7mM-U(B[m Undo[65d(B[0;7m^X(B[m Exit[65;17H(B[0;7m^R(B[m Read File    (B[0;7m^\(B[m Replace[49G(B[0;7m^U(B[m Uncut Text   (B[0;7m^T(B[m To Spell     (B[0;7m^_(B[m Go To Line   (B[0;7mM-E(B[m Redo[63d[3d[39;49m(B[mSoneel Neumann[4dHobby: Glassblowing[A[?12l[?25h[?25l[4d[?12l[?25h[?25l[5d[?12l[?25h[?25l[1;104H(B[0;7mModified(B[m[5dh[?12l[?25h[?25lu[?12l[?25h[?25lr[?12l[?25h[?25lr[?12l[?25h[?25l [?12l[?25h[?25ld[?12l[?25h[?25lu[?12l[?25h[?25lr[?12l[?25h[?25lr[?12l[?25h[?25l[63d(B[0;7mSave modified buffer?  (Answering "No" will DISCARD changes.)                                                    [64;1H Y(B[m Yes[K[65d(B[0;7m N(B[m No  [65;18H(B[0;7mC(B[m Cancel[K[63;63H[?12l[?25h[?25l[64d(B[0;7m^G(B[m Get Help[64;29H(B[0;7mM-D(B[m DOS Format[64;57H(B[0;7mM-A(B[m Append[64;85H(B[0;7mM-B(B[m Backup File[65d(B[0;7m^C(B[m Cancel[17G            (B[0;7mM-M(B[m Mac Format[65;57H(B[0;7mM-P(B[m Prepend[65;85H(B[0;7m^T(B[m To Files[63d(B[0;7mFile Name to Write: writeup.txt                              (B[m[63;32H[?12l[?25h[?25l[1;3H(B[0;7m              [1;37HDIR: /home/neumans/csci241/lab-1-neumans/[1;104H        [63d(B[m[K[1;112H[64;17H(B[0;7m^W(B[m Where Is     (B[0;7m^_(B[m Go To Dir    (B[0;7m^B(B[m Back         (B[0;7m^P(B[m Prev Line    (B[0;7m^Y(B[m Prev Page    (B[0;7mM-\(B[m First File[65;2H(B[0;7mX(B[m Exit  [17G(B[0;7mM-W(B[m WhereIs Next(B[0;7m^L(B[m Refresh[49G(B[0;7m^F(B[m Forward      (B[0;7m^N(B[m Next Line    (B[0;7m^V(B[m Next Page    (B[0;7mM-/(B[m Last File[63d[1;112H[3d(B[0;7m..            (parent dir)(B[m  .git[3;50H(dir)  .github[3;78H(dir)  src[106G(dir)[4d.writeup.txt.swp      1 KB  build.gradle[4;49H939  B  settings.gradle     350  B  username.txt[106G31  B[5dwriteup.txt[5;22H35  B[63d[1;112H[3d..            (parent dir)[4d(B[0;7m.writeup.txt.swp      1 KB[5d(B[m[63d[1;112H[4d.writeup.txt.swp      1 KB[5d(B[0;7mwriteup.txt          35  B(B[m[1;3H(B[0;7mGNU nano 2.9.3[1;37H                  writeup.txt            [1;104HModified(B[m[3dSoneel Neumann[K[4dHobby: Glassblowing[K[5dhurr durr[K[1;112H[1;37H[39;49m(B[0;7m/home/neumans/csci241/lab-1-neumans/writeup.txt[1;104H        (B[m[63;49H(B[0;7m[ Wrote 3 lines ](B[m[J[65;113H[?12l[?25h[65;1H[?1049l[23;0;0t[?1l>neumans@cf420-38:~/csci241/lab-1-neumans$ git diff
[?1h=[1mdiff --git a/writeup.txt b/writeup.txt[m[m
[1mindex 810aa0c..e055bb8 100644[m[m
[1m--- a/writeup.txt[m[m
[1m+++ b/writeup.txt[m[m
[36m@@ -1,2 +1,3 @@[m[m
 Soneel Neumann[m[m
 Hobby: Glassblowing[m[m
[32m+[m[32mhurr durr[m[m
[K[?1l>neumans@cf420-38:~/csci241/lab-1-neumans$ nano writeup.txt[K[K[K[K.txt
[?1049h[22;0;0t[1;65r(B[m[4l[?7h[39;49m[?1h=[?1h=[?1h=[?25l[49m(B[m[H[2J[63;49H(B[0;7m[ Reading File ](B[m[63;55H(B[0;7m 3 lines ](B[m[H(B[0;7m  GNU nano 2.9.3                                      writeup.txt                                                [1;112H(B[m[64d(B[0;7m^G(B[m Get Help     (B[0;7m^O(B[m Write Out    (B[0;7m^W(B[m Where Is     (B[0;7m^K(B[m Cut Text     (B[0;7m^J(B[m Justify[81G(B[0;7m^C(B[m Cur Pos[97G(B[0;7mM-U(B[m Undo[65d(B[0;7m^X(B[m Exit[65;17H(B[0;7m^R(B[m Read File    (B[0;7m^\(B[m Replace[49G(B[0;7m^U(B[m Uncut Text   (B[0;7m^T(B[m To Spell     (B[0;7m^_(B[m Go To Line   (B[0;7mM-E(B[m Redo[63d[3d[49m(B[mSoneel Neumann[4dHobby: Glassblowing[5dhurr durr[3d[?12l[?25h[?25l[4d[?12l[?25h[?25l[5d[?12l[?25h[?25lh[?12l[?25h[?25lu[?12l[?25h[?25lr[?12l[?25h[?25lr[?12l[?25h[?25l [?12l[?25h[?25ld[?12l[?25h[?25lu[?12l[?25h[?25lr[?12l[?25h[?25lr[?12l[?25h[?25l[6d[?12l[?25h[?25l[5;10H[?12l[?25h[?25l[1;104H(B[0;7mModified(B[m[5;9H [?12l[?25h[?25l [?12l[?25h[?25l [?12l[?25h[?25l [?12l[?25h[?25l[?12l[?25h[?25l [?12l[?25h[?25l [?12l[?25h[?25l [?12l[?25h[?25l[K[?12l[?25h[?25l[63d(B[0;7mSave modified buffer?  (Answering "No" will DISCARD changes.)                                                    [64;1H Y(B[m Yes[K[65d(B[0;7m N(B[m No  [65;18H(B[0;7mC(B[m Cancel[K[63;63H[?12l[?25h[?25l[64d(B[0;7m^G(B[m Get Help[64;29H(B[0;7mM-D(B[m DOS Format[64;57H(B[0;7mM-A(B[m Append[64;85H(B[0;7mM-B(B[m Backup File[65d(B[0;7m^C(B[m Cancel[17G            (B[0;7mM-M(B[m Mac Format[65;57H(B[0;7mM-P(B[m Prepend[65;85H(B[0;7m^T(B[m To Files[63d(B[0;7mFile Name to Write: writeup.txt                              (B[m[63;32H[?12l[?25h[?25l[1;3H(B[0;7m              [1;37HDIR: /home/neumans/csci241/lab-1-neumans/[1;104H        [63d(B[m[K[1;112H[64;17H(B[0;7m^W(B[m Where Is     (B[0;7m^_(B[m Go To Dir    (B[0;7m^B(B[m Back         (B[0;7m^P(B[m Prev Line    (B[0;7m^Y(B[m Prev Page    (B[0;7mM-\(B[m First File[65;2H(B[0;7mX(B[m Exit  [17G(B[0;7mM-W(B[m WhereIs Next(B[0;7m^L(B[m Refresh[49G(B[0;7m^F(B[m Forward      (B[0;7m^N(B[m Next Line    (B[0;7m^V(B[m Next Page    (B[0;7mM-/(B[m Last File[63d[1;112H[3d(B[0;7m..            (parent dir)(B[m  .git[3;50H(dir)  .github[3;78H(dir)  src[106G(dir)[4d.writeup.txt.swp      1 KB  build.gradle[4;49H939  B  settings.gradle     350  B  username.txt[106G31  B[5dwriteup.txt[5;22H45  B[63d[1;112H[3d..            (parent dir)[4d(B[0;7m.writeup.txt.swp      1 KB[5d(B[m[63d[1;112H[4d.writeup.txt.swp      1 KB[5d(B[0;7mwriteup.txt          45  B(B[m[1;3H(B[0;7mGNU nano 2.9.3[1;37H                  writeup.txt            [1;104HModified(B[m[3dSoneel Neumann[K[4dHobby: Glassblowing[K[5d[K[1;112H[1;37H[49m(B[0;7m/home/neumans/csci241/lab-1-neumans/writeup.txt[1;104H        (B[m[63;49H(B[0;7m[ Wrote 3 lines ](B[m[J[65;113H[?12l[?25h[65;1H[?1049l[23;0;0t[?1l>neumans@cf420-38:~/csci241/lab-1-neumans$ git diff
[?1h=[1mdiff --git a/writeup.txt b/writeup.txt[m[m
[1mindex 810aa0c..f010c29 100644[m[m
[1m--- a/writeup.txt[m[m
[1m+++ b/writeup.txt[m[m
[36m@@ -1,2 +1,3 @@[m[m
 Soneel Neumann[m[m
 Hobby: Glassblowing[m[m
[41m+[m[m
[K[?1l>neumans@cf420-38:~/csci241/lab-1-neumans$ ch[K[Kgit checkout -n[Kb question [K3
M	writeup.txt
Switched to a new branch 'question3'
neumans@cf420-38:~/csci241/lab-1-neumans$ nano username.txt
[?1049h[22;0;0t[1;65r(B[m[4l[?7h[39;49m[?1h=[?1h=[?1h=[?25l[39;49m(B[m[H[2J[63;49H(B[0;7m[ Reading File ](B[m[63;49H (B[0;7m[ Read 1 line ](B[m[H(B[0;7m  GNU nano 2.9.3                                     username.txt                                                [1;112H(B[m[64d(B[0;7m^G(B[m Get Help     (B[0;7m^O(B[m Write Out    (B[0;7m^W(B[m Where Is     (B[0;7m^K(B[m Cut Text     (B[0;7m^J(B[m Justify[81G(B[0;7m^C(B[m Cur Pos[97G(B[0;7mM-U(B[m Undo[65d(B[0;7m^X(B[m Exit[65;17H(B[0;7m^R(B[m Read File    (B[0;7m^\(B[m Replace[49G(B[0;7m^U(B[m Uncut Text   (B[0;7m^T(B[m To Spell     (B[0;7m^_(B[m Go To Line   (B[0;7mM-E(B[m Redo[63d[3d[39;49m(B[mSoneel Neumann,neumans,neumans[?12l[?25h[?25l[63d[J[65;113H[?12l[?25h[65;1H[?1049l[23;0;0t[?1l>neumans@cf420-38:~/csci241/lab-1-neumans$ nano writeup.txt
[?1049h[22;0;0t[1;65r(B[m[4l[?7h[39;49m[?1h=[?1h=[?1h=[?25l[39;49m(B[m[H[2J[63;49H(B[0;7m[ Reading File ](B[m[63;55H(B[0;7m 3 lines ](B[m[H(B[0;7m  GNU nano 2.9.3                                      writeup.txt                                                [1;112H(B[m[64d(B[0;7m^G(B[m Get Help     (B[0;7m^O(B[m Write Out    (B[0;7m^W(B[m Where Is     (B[0;7m^K(B[m Cut Text     (B[0;7m^J(B[m Justify[81G(B[0;7m^C(B[m Cur Pos[97G(B[0;7mM-U(B[m Undo[65d(B[0;7m^X(B[m Exit[65;17H(B[0;7m^R(B[m Read File    (B[0;7m^\(B[m Replace[49G(B[0;7m^U(B[m Uncut Text   (B[0;7m^T(B[m To Spell     (B[0;7m^_(B[m Go To Line   (B[0;7mM-E(B[m Redo[63d[3d[39;49m(B[mSoneel Neumann[4dHobby: Glassblowing[A[?12l[?25h[?25l[4d[?12l[?25h[?25l[5d[?12l[?25h[?25l[1;104H(B[0;7mModified(B[m[5dF[?12l[?25h[?25la[?12l[?25h[?25lv[?12l[?25h[?25lo[?12l[?25h[?25lr[?12l[?25h[?25li[?12l[?25h[?25lt[?12l[?25h[?25le[?12l[?25h[?25l [?12l[?25h[?25lS[?12l[?25h[?25lo[?12l[?25h[?25ln[?12l[?25h[?25lg[?12l[?25h[?25l:[?12l[?25h[?25l [?12l[?25h[?25lK[?12l[?25h[?25le[?12l[?25h[?25lp[?12l[?25h[?25lt[?12l[?25h[?25l [?12l[?25h[?25lb[?12l[?25h[?25ly[?12l[?25h[?25l [?12l[?25h[?25lC[63d[K[5;25H[?12l[?25h[?25lr[?12l[?25h[?25ls[?12l[?25h[?25l [?12l[?25h[?25ly[?12l[?25h[?25ls[?12l[?25h[?25lt[?12l[?25h[?25la[?12l[?25h[?25ll[?12l[?25h[?25l [?12l[?25h[?25lC[?12l[?25h[?25la[?12l[?25h[?25ls[?12l[?25h[?25lt[?12l[?25h[?25ll[?12l[?25h[?25le[?12l[?25h[?25ls[?12l[?25h[?25l[63d(B[0;7mSave modified buffer?  (Answering "No" will DISCARD changes.)                                                    [64;1H Y(B[m Yes[K[65d(B[0;7m N(B[m No  [65;18H(B[0;7mC(B[m Cancel[K[63;63H[?12l[?25h[?25l[64d(B[0;7m^G(B[m Get Help[64;29H(B[0;7mM-D(B[m DOS Format[64;57H(B[0;7mM-A(B[m Append[64;85H(B[0;7mM-B(B[m Backup File[65d(B[0;7m^C(B[m Cancel[17G            (B[0;7mM-M(B[m Mac Format[65;57H(B[0;7mM-P(B[m Prepend[65;85H(B[0;7m^T(B[m To Files[63d(B[0;7mFile Name to Write: writeup.txt                              (B[m[63;32H[?12l[?25h[?25l[1;3H(B[0;7m              [1;37HDIR: /home/neumans/csci241/lab-1-neumans/[1;104H        [63d(B[m[K[1;112H[64;17H(B[0;7m^W(B[m Where Is     (B[0;7m^_(B[m Go To Dir    (B[0;7m^B(B[m Back         (B[0;7m^P(B[m Prev Line    (B[0;7m^Y(B[m Prev Page    (B[0;7mM-\(B[m First File[65;2H(B[0;7mX(B[m Exit  [17G(B[0;7mM-W(B[m WhereIs Next(B[0;7m^L(B[m Refresh[49G(B[0;7m^F(B[m Forward      (B[0;7m^N(B[m Next Line    (B[0;7m^V(B[m Next Page    (B[0;7mM-/(B[m Last File[63d[1;112H[3d(B[0;7m..            (parent dir)(B[m  .git[3;50H(dir)  .github[3;78H(dir)  src[106G(dir)[4d.writeup.txt.swp      1 KB  build.gradle[4;49H939  B  settings.gradle     350  B  username.txt[106G31  B[5dwriteup.txt          36  B[K[63d[1;112H[3d..            (parent dir)[4d(B[0;7m.writeup.txt.swp      1 KB[5d(B[m[63d[1;112H[4d.writeup.txt.swp      1 KB[5d(B[0;7mwriteup.txt          36  B(B[m[1;3H(B[0;7mGNU nano 2.9.3[1;37H                  writeup.txt            [1;104HModified(B[m[3dSoneel Neumann[K[4dHobby: Glassblowing[K[5dFavorite Song: Kept by Crystal Castles[1;112H[1;37H[39;49m(B[0;7m/home/neumans/csci241/lab-1-neumans/writeup.txt[1;104H        (B[m[63;49H(B[0;7m[ Wrote 3 lines ](B[m[J[65;113H[?12l[?25h[65;1H[?1049l[23;0;0t[?1l>neumans@cf420-38:~/csci241/lab-1-neumans$ ls
build.gradle  settings.gradle  src  username.txt  writeup.txt
neumans@cf420-38:~/csci241/lab-1-neumans$ git add writeup.txt
neumans@cf420-38:~/csci241/lab-1-neumans$ git [K status
On branch question3
Changes to be committed:
  (use "git reset HEAD <file>..." to unstage)

	[32mmodified:   writeup.txt[m

neumans@cf420-38:~/csci241/lab-1-neumans$ git commit -m "Added part 3 (Fav Song) to writeup"
[question3 100c32b] Added part 3 (Fav Song) to writeup
 1 file changed, 1 insertion(+)
neumans@cf420-38:~/csci241/lab-1-neumans$ chek[Kckout [K[K[K[K[K[K[K[K[Kgit checkout master
Switched to branch 'master'
Your branch is ahead of 'origin/master' by 3 commits.
  (use "git push" to publish your local commits)
neumans@cf420-38:~/csci241/lab-1-neumans$ git merge question [K3
Updating 9296486..100c32b
Fast-forward
 writeup.txt | 1 [32m+[m
 1 file changed, 1 insertion(+)
neumans@cf420-38:~/csci241/lab-1-neumans$ gradle build
Starting a Gradle Daemon (subsequent builds will be faster)


[2A[1B[1m> Starting Daemon[m[17D[1B[1A> IDLE[0K[6D[1B[2A[1m<[0;1m-------------> 0% INITIALIZING [57ms][m[38D[1B[1m> Evaluating settings[m[21D[1B[2A[1m<[0;1m-------------> 0% INITIALIZING [157ms][m[39D[2B[2A[1m<[0;1m-------------> 0% INITIALIZING [257ms][m[39D[2B[2A[1m<[0;1m-------------> 0% INITIALIZING [357ms][m[39D[2B[2A[1m<[0;1m-------------> 0% INITIALIZING [457ms][m[39D[2B[2A[1m<[0;1m-------------> 0% INITIALIZING [557ms][m[39D[2B[2A[1m<[0;1m-------------> 0% CONFIGURING [657ms][m[0K[38D[1B[1m> Loading projects[m[0K[18D[1B[2A[1m<[0;1m-------------> 0% CONFIGURING [757ms][m[38D[1B[1m> root project[m[0K[14D[1B[2A[1m<[0;1m-------------> 0% CONFIGURING [857ms][m[38D[2B[2A[1m<[0;1m-------------> 0% CONFIGURING [957ms][m[38D[2B[2A[1m<[0;1m-------------> 0% CONFIGURING [1s][m[0K[35D[2B[2A[1m<[0;32;1m=============[0;39;1m> 100% CONFIGURING [1s][m[37D[1B> IDLE[0K[6D[1B[2A[1m<[0;1m-------------> 0% EXECUTING [1s][m[0K[33D[2B[1A[1m> :compileJava > Resolve dependencies of :compileClasspath[m[58D[1B[1A[1m> :compileJava > Resolve files of :compileClasspath[m[0K[51D[1B[1A[1m> :compileJava[m[0K[14D[1B[2A[1m<[0;1m-------------> 0% EXECUTING [2s][m[33D[2B[2A[1m<[0;32;1m==[0;39;1m-----------> 21% EXECUTING [2s][m[34D[1B[1m> :jar[m[0K[6D[1B[2A[1m<[0;32;1m===[0;39;1m----------> 28% EXECUTING [2s][m[34D[1B[1m> :startScripts[m[15D[1B[2A[1m<[0;32;1m====[0;39;1m---------> 35% EXECUTING [2s][m[34D[1B[1m> :distTar[m[0K[10D[1B[2A[1m<[0;32;1m=====[0;39;1m--------> 42% EXECUTING [2s][m[34D[1B[1m> :distZip[m[10D[1B[2A[0K
[32;1mBUILD SUCCESSFUL[0;39m in 4s
5 actionable tasks: 5 executed
[0K
[0K
[2A[1m<[0;1m-------------> 0% WAITING[m[26D[1B> IDLE[6D[1B[2A[2K[1B[2K[1A[0m[?12l[?25hneumans@cf420-38:~/csci241/lab-1-neumans$ gradle run

[1A[1m<[0;1m-------------> 0% EXECUTING [58ms][m[35D[1B[1A[0K
[1m> Task :run[m
Hello, World!

[32;1mBUILD SUCCESSFUL[0;39m in 501ms
2 actionable tasks: 1 executed, 1 up-to-date
[0K
[1A[1m<[0;1m-------------> 0% WAITING[m[26D[1B[1A[2K[0m[?12l[?25hneumans@cf420-38:~/csci241/lab-1-neumans$ nano sr[K[Ksrc/main/java/lab1/Hello.java
[?1049h[22;0;0t[1;65r(B[m[4l[?7h[39;49m[?1h=[?1h=[?1h=[?25l[39;49m(B[m[H[2J[63;49H(B[0;7m[ Reading File ](B[m[63;55H(B[0;7m 7 lines ](B[m[H(B[0;7m  GNU nano 2.9.3                             src/main/java/lab1/Hello.java                                       [1;112H(B[m[64d(B[0;7m^G(B[m Get Help     (B[0;7m^O(B[m Write Out    (B[0;7m^W(B[m Where Is     (B[0;7m^K(B[m Cut Text     (B[0;7m^J(B[m Justify[81G(B[0;7m^C(B[m Cur Pos[97G(B[0;7mM-U(B[m Undo[65d(B[0;7m^X(B[m Exit[65;17H(B[0;7m^R(B[m Read File    (B[0;7m^\(B[m Replace[49G(B[0;7m^U(B[m Uncut Text   (B[0;7m^T(B[m To Spell     (B[0;7m^_(B[m Go To Line   (B[0;7mM-E(B[m Redo[63d[3d[39;49m[36mpackage[39m(B[m lab1;[5d[36mpublic[39m(B[m [36mclass[39m(B[m Hello {[6;3H[36mpublic[39m(B[m [36mstatic[39m(B[m [32mvoid[39m(B[m main(String[] args) {[7;5HSystem.out.println([31m"Hello, World!"[39m(B[m);[8;3H}[9d}[3d[?12l[?25h[?25l[?12l[?25h[?25l[4d[?12l[?25h[?25l[5d[?12l[?25h[?25l[6d[?12l[?25h[?25l[7d[?12l[?25h[?25l [?12l[?25h[?25l [?12l[?25h[?25l [?12l[?25h[?25l [?12l[?25h[?25lS[?12l[?25h[?25ly[?12l[?25h[?25ls[?12l[?25h[?25lt[?12l[?25h[?25le[?12l[?25h[?25lm[?12l[?25h[?25l.[?12l[?25h[?25lo[?12l[?25h[?25lu[?12l[?25h[?25lt[?12l[?25h[?25l.[?12l[?25h[?25lp[?12l[?25h[?25lr[?12l[?25h[?25li[?12l[?25h[?25ln[?12l[?25h[?25lt[?12l[?25h[?25l[63d[K[7;22H[?12l[?25h[?25ln[?12l[?25h[?25l([?12l[?25h[?25l[C[?12l[?25h[?25l[C[?12l[?25h[?25l[C[?12l[?25h[?25l[C[?12l[?25h[?25l[C[?12l[?25h[?25l[C[?12l[?25h[?25l[C[?12l[?25h[?25l[1;104H(B[0;7mModified(B[m[7;31H[31m  World!"[39m(B[m);[7;32H[?12l[?25h[?25l[31m"[39m(B[m World!");[7;33H[?12l[?25h[?25l+ World!");[7;34H[?12l[?25h[?25l [?12l[?25h[?25lW[?12l[?25h[?25lo[?12l[?25h[?25lr[?12l[?25h[?25ll[?12l[?25h[?25ld[?12l[?25h[?25l![?12l[?25h[?25l"[?12l[?25h[?25l[?12l[?25h[?25l"[?12l[?25h[?25l);[K[?12l[?25h[?25l);[K[?12l[?25h[?25l);[K[?12l[?25h[?25l);[K[?12l[?25h[?25l);[K[?12l[?25h[?25l);[K[?12l[?25h[?25l);[K[?12l[?25h[?25lh);[?12l[?25h[?25l);[K[?12l[?25h[?25lv);[?12l[?25h[?25l);[K[?12l[?25h[?25l);[K[?12l[?25h[?25l );[?12l[?25h[?25la);[?12l[?25h[?25lr);[?12l[?25h[?25lg);[?12l[?25h[?25ls);[?12l[?25h[?25l[);[?12l[?25h[?25l0);[?12l[?25h[?25l]);[?12l[?25h[?25l );[?12l[?25h[?25l+);[?12l[?25h[?25l );[?12l[?25h[?25l");[?12l[?25h[?25l[31m""[39m(B[m);[?12l[?25h[?25l[?12l[?25h[?25l[31m!"[39m(B[m);[?12l[?25h[?25l[C[?12l[?25h[?25l)[?12l[?25h[?25l[63d(B[0;7mSave modified buffer?  (Answering "No" will DISCARD changes.)                                                    [64;1H Y(B[m Yes[K[65d(B[0;7m N(B[m No  [65;18H(B[0;7mC(B[m Cancel[K[63;63H[?12l[?25h[?25l[64d(B[0;7m^G(B[m Get Help[64;29H(B[0;7mM-D(B[m DOS Format[64;57H(B[0;7mM-A(B[m Append[64;85H(B[0;7mM-B(B[m Backup File[65d(B[0;7m^C(B[m Cancel[17G            (B[0;7mM-M(B[m Mac Format[65;57H(B[0;7mM-P(B[m Prepend[65;85H(B[0;7m^T(B[m To Files[63d(B[0;7mFile Name to Write: src/main/java/lab1/Hello.java            (B[m[63;50H[?12l[?25h[?25l[1;3H(B[0;7m              [1;28HDIR: /home/neumans/csci241/lab-1-neumans/src/main/java/lab1/[1;104H        [63d(B[m[K[1;112H[64;17H(B[0;7m^W(B[m Where Is     (B[0;7m^_(B[m Go To Dir    (B[0;7m^B(B[m Back         (B[0;7m^P(B[m Prev Line    (B[0;7m^Y(B[m Prev Page    (B[0;7mM-\(B[m First File[65;2H(B[0;7mX(B[m Exit  [17G(B[0;7mM-W(B[m WhereIs Next(B[0;7m^L(B[m Refresh[49G(B[0;7m^F(B[m Forward      (B[0;7m^N(B[m Next Line    (B[0;7m^V(B[m Next Page    (B[0;7mM-/(B[m Last File[63d[1;112H[3d(B[0;7m..           (parent dir)(B[m  .Hello.java.swp[49G1 KB  Hello.java[3;74H126  B[5d[K[6d[K[7d[K[8d[K[9d[K[3;80H[63d[1;112H[3d..           (parent dir)  (B[0;7m.Hello.java.swp      1 KB[3;80H(B[m[63d[1;112H[3;28H.Hello.java.swp      1 KB  (B[0;7mHello.java         126  B(B[m[1;3H(B[0;7mGNU nano 2.9.3[1;28H                  src/main/java/lab1/Hello.java             [1;104HModified(B[m[3d[36mpackage[39m(B[m lab1;[K[5d[36mpublic[39m(B[m [36mclass[39m(B[m Hello {[6;3H[36mpublic[39m(B[m [36mstatic[39m(B[m [32mvoid[39m(B[m main(String[] args) {[7;5HSystem.out.println([31m"Hello, "[39m(B[m+ args[0] + [31m"!"[39m(B[m);[8;3H}[9d}[1;112H[1;28H[39;49m(B[0;7m/home/neumans/csci241/lab-1-neumans/src/main/java/lab1/Hello.java[1;104H        (B[m[63;49H(B[0;7m[ Wrote 7 lines ](B[m[J[65;113H[?12l[?25h[65;1H[?1049l[23;0;0t[?1l>neumans@cf420-38:~/csci241/lab-1-neumans$ gradle build

[1A[1m<[0;1m-------------> 0% EXECUTING [57ms][m[35D[1B
[2A[1m<[0;1m-------------> 0% EXECUTING [157ms][m[36D[1B[1m> :compileJava[m[14D[1B[2A[1m<[0;32;1m====[0;39;1m---------> 35% EXECUTING [257ms][m[37D[1B[1m> :distTar[m[0K[10D[1B[2A[1m<[0;32;1m=====[0;39;1m--------> 42% EXECUTING [357ms][m[37D[1B[1m> :distZip[m[10D[1B[2A[0K
[32;1mBUILD SUCCESSFUL[0;39m in 811ms
5 actionable tasks: 4 executed, 1 up-to-date
[0K
[0K
[2A[1m<[0;1m-------------> 0% WAITING[m[26D[1B> IDLE[6D[1B[2A[2K[1B[2K[1A[0m[?12l[?25hneumans@cf420-38:~/csci241/lab-1-neumans$ gradle run --args=""y"o"u"r" "a"r"g"s" "h"e"r"e"[C


[2A[1m<[0;32;1m=========[0;39;1m----> 75% EXECUTING [64ms][m[36D[1B[1m> :run[m[6D[1B[2A[0K
[1m> Task :run[m
Hello, your!

[32;1mBUILD SUCCESSFUL[0;39m in 477ms
2 actionable tasks: 1 executed, 1 up-to-date
[0K
[0K
[2A[1m<[0;1m-------------> 0% WAITING[m[26D[1B[1m> :run[m[6D[1B[1A> IDLE[6D[1B[2A[2K[1B[2K[1A[0m[?12l[?25hneumans@cf420-38:~/csci241/lab-1-neumans$ #oops
neumans@cf420-38:~/csci241/lab-1-neumans$ gradle runn[K--args="Soneel"


[1A[1m> Connecting to Daemon[m[22D[1B[2A
[31mFAILURE: [39m[31mBuild failed with an exception.[39m

* What went wrong:
Task 'run--args=Soneel' not found in root project 'lab1'.

* Try:
Run [1mgradle tasks[m to get a list of available tasks. Run with [1m--stacktrace[m option to get the stack trace. Run with [1m--info[m or [1m--debug[m option to get more log output. Run with [1m--scan[m to get full insights.

* Get more help at [1mhttps://help.gradle.org[m

[31;1mBUILD FAILED[0;39m in 376ms

[0K
[2A[1m<[0;1m-------------> 0% WAITING[m[26D[1B> IDLE[6D[1B[2A[2K[1B[2K[1A[0m[?12l[?25hneumans@cf420-38:~/csci241/lab-1-neumans$ gradle run --args [K="Soneel"

[1A[1m<[0;1m-------------> 0% EXECUTING [43ms][m[35D[1B[1A[0K
[1m> Task :run[m
Hello, Soneel!

[32;1mBUILD SUCCESSFUL[0;39m in 509ms
2 actionable tasks: 1 executed, 1 up-to-date
[0K

[2A[1m<[0;1m-------------> 0% WAITING[m[26D[1B[1m> Deleting unused version-specific caches in /home/neumans/csci241/lab-1-neumans/.gradle[m[88D[1B[2A[2K[1B[2K[1A[0m[?12l[?25hneumans@cf420-38:~/csci241/lab-1-neumans$ git add src/main/java/lab1/Hello.java
neumans@cf420-38:~/csci241/lab-1-neumans$ git commit -m "Hl[Kellow[K now prints command line arg"
[master ab6d75b] Hello now prints command line arg
 1 file changed, 1 insertion(+), 1 deletion(-)
neumans@cf420-38:~/csci241/lab-1-neumans$ git push
Username for 'https://github.com': neumans
Password for 'https://neumans@github.com': 
Counting objects: 19, done.
Delta compression using up to 8 threads.
Compressing objects:   8% (1/12)   Compressing objects:  16% (2/12)   Compressing objects:  25% (3/12)   Compressing objects:  33% (4/12)   Compressing objects:  41% (5/12)   Compressing objects:  50% (6/12)   Compressing objects:  58% (7/12)   Compressing objects:  66% (8/12)   Compressing objects:  75% (9/12)   Compressing objects:  83% (10/12)   Compressing objects:  91% (11/12)   Compressing objects: 100% (12/12)   Compressing objects: 100% (12/12), done.
Writing objects:   5% (1/19)   Writing objects:  10% (2/19)   Writing objects:  15% (3/19)   Writing objects:  21% (4/19)   Writing objects:  26% (5/19)   Writing objects:  31% (6/19)   Writing objects:  36% (7/19)   Writing objects:  42% (8/19)   Writing objects:  47% (9/19)   Writing objects:  52% (10/19)   Writing objects:  57% (11/19)   Writing objects:  63% (12/19)   Writing objects:  68% (13/19)   Writing objects:  73% (14/19)   Writing objects:  78% (15/19)   Writing objects:  84% (16/19)   Writing objects:  89% (17/19)   Writing objects:  94% (18/19)   Writing objects: 100% (19/19)   Writing objects: 100% (19/19), 1.63 KiB | 185.00 KiB/s, done.
Total 19 (delta 5), reused 0 (delta 0)
remote: Resolving deltas:   0% (0/5)[Kremote: Resolving deltas:  60% (3/5)[Kremote: Resolving deltas:  80% (4/5)[Kremote: Resolving deltas: 100% (5/5)[Kremote: Resolving deltas: 100% (5/5), completed with 2 local objects.[K
To https://github.com/csci241-20s/lab-1-neumans.git
   573792c..ab6d75b  master -> master
neumans@cf420-38:~/csci241/lab-1-neumans$ exit
exit

Script done on 2020-04-11 00:24:33-0700
